16:21:51 **** Build of configuration Debug for project lession2 ****
make -j2 all 
arm-none-eabi-gcc -o "lession2.elf" @"objects.list"   -mcpu=cortex-m4 -T"C:\Embedded Programming STM32CubeIDE\STM32F411VETX_FLASH.ld" --specs=nosys.specs -Wl,-Map="lession2.map" -Wl,--gc-sections -static --specs=nano.specs -mfpu=fpv4-sp-d16 -mfloat-abi=hard -mthumb -Wl,--start-group -lc -lm -Wl,--end-group
Finished building target: lession2.elf
 
arm-none-eabi-size   lession2.elf 
arm-none-eabi-objdump -h -S  lession2.elf  > "lession2.list"
   text	   data	    bss	    dec	    hex	filename
   5180	     20	   1572	   6772	   1a74	lession2.elf
Finished building: default.size.stdout
 
arm-none-eabi-objcopy  -O ihex  lession2.elf  "lession2.hex"
Finished building: lession2.list
 
arm-none-eabi-objcopy  -O binary  lession2.elf  "lession2.bin"
Finished building: lession2.hex
 
Finished building: lession2.bin
 
16:25:25 **** Incremental Build of configuration Debug for project lession2 ****
make -j2 all 
arm-none-eabi-size   lession2.elf 
   text	   data	    bss	    dec	    hex	filename
   5180	     20	   1572	   6772	   1a74	lession2.elf
Finished building: default.size.stdout
 
16:27:13 **** Incremental Build of configuration Debug for project lession2 ****
make -j2 all 
arm-none-eabi-size   lession2.elf 
   text	   data	    bss	    dec	    hex	filename
   5180	     20	   1572	   6772	   1a74	lession2.elf
Finished building: default.size.stdout
 
16:33:31 **** Incremental Build of configuration Debug for project lession2 ****
make -j2 all 
arm-none-eabi-size   lession2.elf 
   text	   data	    bss	    dec	    hex	filename
   5180	     20	   1572	   6772	   1a74	lession2.elf
Finished building: default.size.stdout
 
16:35:07 **** Incremental Build of configuration Debug for project lession2 ****
make -j2 all 
arm-none-eabi-size   lession2.elf 
   text	   data	    bss	    dec	    hex	filename
   5180	     20	   1572	   6772	   1a74	lession2.elf
Finished building: default.size.stdout
 
